// Jest Snapshot v1, https://goo.gl/fbAQLP

exports[`should render page 1`] = `
Object {
  "asFragment": [Function],
  "baseElement": <body>
    <div>
      <div
        class="grid-post-container-scroll mt-5 scroll-m-2 overflow-y-auto"
      >
        <div
          class="grid-post-container"
        >
          <div
            class="post-container row-auto h-auto bg-blue-200"
          >
            <div
              class=""
            >
              <div
                class="flex items-center place-content-between"
              >
                <div
                  class="flex-row flex items-center p-2"
                >
                  <div
                    class="post-avatar ml-1 mr-3"
                  >
                    <img
                      alt="user_img"
                      class="rounded-full"
                      src="https://i.pravatar.cc/50"
                    />
                  </div>
                  <div
                    class=""
                  >
                    <p>
                      John Doe
                    </p>
                  </div>
                </div>
                <div
                  class="text-end pb-0"
                >
                  <button
                    class="comment-user-btn"
                  >
                    View 
                    2
                     comments
                  </button>
                </div>
              </div>
              <div
                class="text-lg text-center mb-3 font-bold"
              >
                <h2>
                  Post title
                </h2>
              </div>
              <div
                class="post-body-text italic px-10"
              >
                <p>
                  "
                  Post body
                  "
                </p>
              </div>
            </div>
          </div>
        </div>
      </div>
    </div>
  </body>,
  "container": <div>
    <div
      class="grid-post-container-scroll mt-5 scroll-m-2 overflow-y-auto"
    >
      <div
        class="grid-post-container"
      >
        <div
          class="post-container row-auto h-auto bg-blue-200"
        >
          <div
            class=""
          >
            <div
              class="flex items-center place-content-between"
            >
              <div
                class="flex-row flex items-center p-2"
              >
                <div
                  class="post-avatar ml-1 mr-3"
                >
                  <img
                    alt="user_img"
                    class="rounded-full"
                    src="https://i.pravatar.cc/50"
                  />
                </div>
                <div
                  class=""
                >
                  <p>
                    John Doe
                  </p>
                </div>
              </div>
              <div
                class="text-end pb-0"
              >
                <button
                  class="comment-user-btn"
                >
                  View 
                  2
                   comments
                </button>
              </div>
            </div>
            <div
              class="text-lg text-center mb-3 font-bold"
            >
              <h2>
                Post title
              </h2>
            </div>
            <div
              class="post-body-text italic px-10"
            >
              <p>
                "
                Post body
                "
              </p>
            </div>
          </div>
        </div>
      </div>
    </div>
  </div>,
  "debug": [Function],
  "findAllByAltText": [Function],
  "findAllByDisplayValue": [Function],
  "findAllByLabelText": [Function],
  "findAllByPlaceholderText": [Function],
  "findAllByRole": [Function],
  "findAllByTestId": [Function],
  "findAllByText": [Function],
  "findAllByTitle": [Function],
  "findByAltText": [Function],
  "findByDisplayValue": [Function],
  "findByLabelText": [Function],
  "findByPlaceholderText": [Function],
  "findByRole": [Function],
  "findByTestId": [Function],
  "findByText": [Function],
  "findByTitle": [Function],
  "getAllByAltText": [Function],
  "getAllByDisplayValue": [Function],
  "getAllByLabelText": [Function],
  "getAllByPlaceholderText": [Function],
  "getAllByRole": [Function],
  "getAllByTestId": [Function],
  "getAllByText": [Function],
  "getAllByTitle": [Function],
  "getByAltText": [Function],
  "getByDisplayValue": [Function],
  "getByLabelText": [Function],
  "getByPlaceholderText": [Function],
  "getByRole": [Function],
  "getByTestId": [Function],
  "getByText": [Function],
  "getByTitle": [Function],
  "queryAllByAltText": [Function],
  "queryAllByDisplayValue": [Function],
  "queryAllByLabelText": [Function],
  "queryAllByPlaceholderText": [Function],
  "queryAllByRole": [Function],
  "queryAllByTestId": [Function],
  "queryAllByText": [Function],
  "queryAllByTitle": [Function],
  "queryByAltText": [Function],
  "queryByDisplayValue": [Function],
  "queryByLabelText": [Function],
  "queryByPlaceholderText": [Function],
  "queryByRole": [Function],
  "queryByTestId": [Function],
  "queryByText": [Function],
  "queryByTitle": [Function],
  "rerender": [Function],
  "unmount": [Function],
}
`;
