// Jest Snapshot v1, https://goo.gl/fbAQLP

exports[`should render pagination 1`] = `
Object {
  "asFragment": [Function],
  "baseElement": <body>
    <div>
      <div>
        <div
          class="grid-post-container-scroll mt-5 scroll-m-2 overflow-y-auto"
        >
          <div
            class="grid-post-container"
          />
        </div>
        <div
          class="pagination"
        >
          <button
            class="navigation-btn"
          >
            Prev
          </button>
          <div>
            <button
              class="active-page"
            >
              1
            </button>
            <button
              class="inactive-page"
            >
              2
            </button>
            <button
              class="inactive-page"
            >
              3
            </button>
            <button
              class="inactive-page"
            >
              4
            </button>
            <button
              class="inactive-page"
            >
              5
            </button>
            <button
              class="inactive-page"
            >
              6
            </button>
            <button
              class="inactive-page"
            >
              7
            </button>
            <button
              class="inactive-page"
            >
              8
            </button>
            <button
              class="inactive-page"
            >
              9
            </button>
            <button
              class="inactive-page"
            >
              10
            </button>
          </div>
          <button
            class="navigation-btn"
          >
            Next
          </button>
        </div>
      </div>
    </div>
  </body>,
  "container": <div>
    <div>
      <div
        class="grid-post-container-scroll mt-5 scroll-m-2 overflow-y-auto"
      >
        <div
          class="grid-post-container"
        />
      </div>
      <div
        class="pagination"
      >
        <button
          class="navigation-btn"
        >
          Prev
        </button>
        <div>
          <button
            class="active-page"
          >
            1
          </button>
          <button
            class="inactive-page"
          >
            2
          </button>
          <button
            class="inactive-page"
          >
            3
          </button>
          <button
            class="inactive-page"
          >
            4
          </button>
          <button
            class="inactive-page"
          >
            5
          </button>
          <button
            class="inactive-page"
          >
            6
          </button>
          <button
            class="inactive-page"
          >
            7
          </button>
          <button
            class="inactive-page"
          >
            8
          </button>
          <button
            class="inactive-page"
          >
            9
          </button>
          <button
            class="inactive-page"
          >
            10
          </button>
        </div>
        <button
          class="navigation-btn"
        >
          Next
        </button>
      </div>
    </div>
  </div>,
  "debug": [Function],
  "findAllByAltText": [Function],
  "findAllByDisplayValue": [Function],
  "findAllByLabelText": [Function],
  "findAllByPlaceholderText": [Function],
  "findAllByRole": [Function],
  "findAllByTestId": [Function],
  "findAllByText": [Function],
  "findAllByTitle": [Function],
  "findByAltText": [Function],
  "findByDisplayValue": [Function],
  "findByLabelText": [Function],
  "findByPlaceholderText": [Function],
  "findByRole": [Function],
  "findByTestId": [Function],
  "findByText": [Function],
  "findByTitle": [Function],
  "getAllByAltText": [Function],
  "getAllByDisplayValue": [Function],
  "getAllByLabelText": [Function],
  "getAllByPlaceholderText": [Function],
  "getAllByRole": [Function],
  "getAllByTestId": [Function],
  "getAllByText": [Function],
  "getAllByTitle": [Function],
  "getByAltText": [Function],
  "getByDisplayValue": [Function],
  "getByLabelText": [Function],
  "getByPlaceholderText": [Function],
  "getByRole": [Function],
  "getByTestId": [Function],
  "getByText": [Function],
  "getByTitle": [Function],
  "queryAllByAltText": [Function],
  "queryAllByDisplayValue": [Function],
  "queryAllByLabelText": [Function],
  "queryAllByPlaceholderText": [Function],
  "queryAllByRole": [Function],
  "queryAllByTestId": [Function],
  "queryAllByText": [Function],
  "queryAllByTitle": [Function],
  "queryByAltText": [Function],
  "queryByDisplayValue": [Function],
  "queryByLabelText": [Function],
  "queryByPlaceholderText": [Function],
  "queryByRole": [Function],
  "queryByTestId": [Function],
  "queryByText": [Function],
  "queryByTitle": [Function],
  "rerender": [Function],
  "unmount": [Function],
}
`;
